
> malla-shakti@0.1.0 build
> next build --webpack

Γû▓ Next.js 16.1.6 (webpack)
- Environments: .env

node.exe : 
At line:1 char:1
+ & "C:\Program Files\
nodejs/node.exe" "C:\U
sers\BlackJokeR\AppDat
a\Roa ...
+ ~~~~~~~~~~~~~~~~~~~~
~~~~~~~~~~~~~~~~~~~~~~
~~~~~~~~~~~~~~~~~~~~~~
~~~~~
    + CategoryInfo    
          : NotSpeci  
  fied: (:String) [   
 ], RemoteExceptio    
n
    + FullyQualifiedE 
   rrorId : NativeCo  
  mmandError
 
> Build error occurred
Error: EPERM: 
operation not 
permitted, mkdir 
'D:\Mallarkambam websi
te\.next_stable\types'
    at ignore-listed 
frames {
  errno: -4048,
  code: 'EPERM',
  syscall: 'mkdir',
  path: 
'D:\\Mallarkambam webs
ite\\.next_stable\\typ
es'
}
